// Jest Snapshot v1, https://goo.gl/fbAQLP

exports[`CircularAccordianButton component renders correctly 1`] = `
<View
  accessibilityComponentType={undefined}
  accessibilityLabel={undefined}
  accessibilityTraits={undefined}
  accessible={true}
  collapsable={undefined}
  hitSlop={undefined}
  isTVSelectable={true}
  nativeID={undefined}
  onLayout={undefined}
  onResponderGrant={[Function]}
  onResponderMove={[Function]}
  onResponderRelease={[Function]}
  onResponderTerminate={[Function]}
  onResponderTerminationRequest={[Function]}
  onStartShouldSetResponder={[Function]}
  style={
    Object {
      "bottom": 0,
      "height": 21,
      "opacity": 1,
      "position": "absolute",
      "transform": Array [
        Object {
          "translateX": -16,
        },
      ],
      "width": 40,
    }
  }
  testID={undefined}
  tvParallaxProperties={undefined}
>
  <View
    style={
      Object {
        "opacity": 1,
      }
    }
  >
    <View
      style={Object {}}
    >
      <Image
        getSize={[Function]}
        isBackground={false}
        onLayout={[Function]}
        resizeMode="contain"
        source={
          Object {
            "testUri": "../../../app/assets/semiCircle.png",
          }
        }
        style={
          Array [
            Object {
              "bottom": 0,
              "left": 0,
              "position": "absolute",
              "right": 0,
              "top": 0,
            },
            Object {
              "height": undefined,
              "width": undefined,
            },
            undefined,
          ]
        }
      />
    </View>
  </View>
</View>
`;
