// Jest Snapshot v1, https://goo.gl/fbAQLP

exports[`Accordion component renders correctly 1`] = `
<View
  style={undefined}
>
  <View
    accessibilityComponentType={undefined}
    accessibilityLabel={undefined}
    accessibilityTraits={undefined}
    accessible={true}
    collapsable={undefined}
    hitSlop={undefined}
    isTVSelectable={true}
    nativeID={undefined}
    onLayout={undefined}
    onResponderGrant={[Function]}
    onResponderMove={[Function]}
    onResponderRelease={[Function]}
    onResponderTerminate={[Function]}
    onResponderTerminationRequest={[Function]}
    onStartShouldSetResponder={[Function]}
    style={
      Object {
        "opacity": 1,
        "paddingRight": 15,
        "zIndex": 2,
      }
    }
    testID={undefined}
    tvParallaxProperties={undefined}
  >
    <View
      style={
        Object {
          "opacity": 1,
        }
      }
    >
      <View
        style={
          Object {
            "alignItems": "center",
            "flexDirection": "row",
          }
        }
      >
        <Text
          accessible={true}
          allowFontScaling={false}
          ellipsizeMode="tail"
          style={
            Array [
              Object {
                "color": undefined,
                "fontSize": 10,
              },
              Object {
                "color": "#F93E60",
                "marginLeft": "auto",
              },
              Object {
                "fontFamily": "iservice",
                "fontStyle": "normal",
                "fontWeight": "normal",
              },
            ]
          }
          transition="rotate"
          useNativeDriver={true}
        >
          
        </Text>
      </View>
    </View>
  </View>
  <View
    collapsable={undefined}
    pointerEvents="none"
    style={
      Object {
        "height": 0,
        "overflow": "hidden",
      }
    }
  >
    <View
      collapsable={undefined}
      onLayout={[Function]}
      style={Object {}}
    />
  </View>
</View>
`;
