// Jest Snapshot v1, https://goo.gl/fbAQLP

exports[`AmountText component renders correctly 1`] = `
<View
  style={
    Array [
      Object {
        "alignItems": "flex-end",
        "flexDirection": "row",
      },
      Object {},
    ]
  }
>
  <Text
    accessible={true}
    allowFontScaling={true}
    ellipsizeMode="tail"
    style={
      Array [
        Object {
          "backgroundColor": "transparent",
          "color": "#303C46",
        },
        Array [
          Object {
            "fontSize": 16,
            "paddingBottom": 3,
            "paddingRight": 3,
          },
          Object {},
        ],
        Object {
          "fontFamily": "SukhumvitSet-Bold",
        },
      ]
    }
  >
    ฿
  </Text>
  <Text
    accessible={true}
    allowFontScaling={true}
    ellipsizeMode="tail"
    style={
      Array [
        Object {
          "backgroundColor": "transparent",
          "color": "#303C46",
        },
        Array [
          Object {
            "fontSize": 22,
          },
          Object {},
        ],
        Object {
          "fontFamily": "SukhumvitSet-Bold",
        },
      ]
    }
  >
    0
  </Text>
  <Text
    accessible={true}
    allowFontScaling={true}
    ellipsizeMode="tail"
    style={
      Array [
        Object {
          "backgroundColor": "transparent",
          "color": "#303C46",
        },
        Array [
          Object {
            "color": "#68747E",
            "fontSize": 14,
            "marginBottom": -1,
            "paddingBottom": 5,
          },
          Object {},
        ],
        Object {
          "fontFamily": "SukhumvitSet-Bold",
        },
      ]
    }
  >
    .
    00
  </Text>
</View>
`;
