// Jest Snapshot v1, https://goo.gl/fbAQLP

exports[`CurrentUsageCard component renders correctly 1`] = `
<View
  style={
    Object {
      "alignItems": "center",
      "flexGrow": 1,
      "padding": 10,
      "paddingTop": 0,
    }
  }
>
  <View
    style={
      Object {
        "alignItems": "center",
        "flexDirection": "row",
        "justifyContent": "space-between",
        "margin": 15,
      }
    }
  />
</View>
`;
