// Jest Snapshot v1, https://goo.gl/fbAQLP

exports[`CircleShadowSeparator component renders correctly 1`] = `
<View
  style={
    Object {
      "alignSelf": "stretch",
      "flexDirection": "column",
      "justifyContent": "center",
    }
  }
>
  <View
    style={
      Object {
        "elevation": 1,
        "flex": 1,
        "padding": 10,
      }
    }
  />
  <View
    style={
      Object {
        "backgroundColor": "#E9E9EA",
        "flex": 1,
        "padding": 10,
      }
    }
  />
  <View
    style={
      Object {
        "alignSelf": "center",
        "backgroundColor": "#FFFFFF",
        "borderBottomLeftRadius": 50,
        "borderBottomRightRadius": 50,
        "paddingBottom": 4,
        "paddingHorizontal": 10,
        "position": "absolute",
        "top": 10,
      }
    }
  >
    <Text
      accessible={true}
      allowFontScaling={true}
      ellipsizeMode="tail"
      style={
        Object {
          "backgroundColor": "transparent",
          "color": "#605E71",
          "fontFamily": "SukhumvitSet-Bold",
          "fontSize": 14,
        }
      }
    >
      
    </Text>
  </View>
</View>
`;
