// Jest Snapshot v1, https://goo.gl/fbAQLP

exports[`InfoBar component should renders correctly 1`] = `
<View
  accessibilityLabel={undefined}
  style={
    Array [
      Object {
        "backgroundColor": "rgba(40, 60, 70, 0.8)",
      },
      Object {},
    ]
  }
  testID={undefined}
>
  <Text
    accessible={true}
    allowFontScaling={true}
    ellipsizeMode="tail"
    style={
      Object {
        "backgroundColor": "transparent",
        "color": "#FFFFFF",
        "fontFamily": "SukhumvitSet-Text",
        "fontSize": 18,
        "padding": 2,
        "textAlign": "center",
      }
    }
  >
    Hello, I am InfoBar.
  </Text>
</View>
`;
