// Jest Snapshot v1, https://goo.gl/fbAQLP

exports[`ComponentWithTab component renders correctly 1`] = `
<View
  style={
    Object {
      "flex": 1,
    }
  }
>
  <RCTScrollView
    contentContainerStyle={
      Array [
        Object {
          "flexGrow": 1,
        },
        null,
      ]
    }
    keyboardShouldPersistTaps="handled"
    scrollEnabled={true}
    showsHorizontalScrollIndicator={false}
    showsVerticalScrollIndicator={false}
  >
    <View />
  </RCTScrollView>
</View>
`;
