// Jest Snapshot v1, https://goo.gl/fbAQLP

exports[`TopUpRadioButton component renders correctly 1`] = `
<View
  accessibilityComponentType={undefined}
  accessibilityLabel={undefined}
  accessibilityTraits={undefined}
  accessible={true}
  collapsable={undefined}
  hitSlop={undefined}
  isTVSelectable={true}
  nativeID={undefined}
  onLayout={undefined}
  onResponderGrant={[Function]}
  onResponderMove={[Function]}
  onResponderRelease={[Function]}
  onResponderTerminate={[Function]}
  onResponderTerminationRequest={[Function]}
  onStartShouldSetResponder={[Function]}
  style={
    Object {
      "opacity": 1,
    }
  }
  testID={undefined}
  tvParallaxProperties={undefined}
>
  <View
    style={
      Object {
        "opacity": 1,
      }
    }
  >
    <View
      style={
        Object {
          "alignItems": "center",
          "borderColor": "#F93E60",
          "borderRadius": 11,
          "borderWidth": 1,
          "height": 22,
          "justifyContent": "center",
          "width": 22,
        }
      }
    >
      <View
        style={
          Object {
            "backgroundColor": "#E9E9EA",
            "borderRadius": 6,
            "height": 12,
            "width": 12,
          }
        }
      />
    </View>
  </View>
</View>
`;
