// Jest Snapshot v1, https://goo.gl/fbAQLP

exports[`TOnlineProductCard component renders correctly 1`] = `
<View
  style={
    Array [
      Object {
        "backgroundColor": "transparent",
        "borderRadius": 8,
        "elevation": 2,
        "marginVertical": 5,
      },
      Object {
        "shadowColor": "#303C46",
        "shadowOffset": Object {
          "height": 2,
          "width": 1,
        },
        "shadowOpacity": 0.4,
        "shadowRadius": 1,
      },
    ]
  }
>
  <View
    style={
      Object {
        "backgroundColor": "#FFFFFF",
        "borderColor": "#B9C1C9",
        "borderLeftWidth": 0,
        "borderRadius": 8,
        "borderWidth": 1,
        "overflow": "hidden",
      }
    }
  >
    <View
      style={
        Object {
          "flexDirection": "row",
        }
      }
    >
      <BVLinearGradient
        colors={
          Array [
            4278231011,
            4278231011,
          ]
        }
        end={
          Object {
            "x": 1,
            "y": 1,
          }
        }
        locations={null}
        start={
          Object {
            "x": 0,
            "y": 1,
          }
        }
        style={
          Object {
            "alignItems": "center",
            "justifyContent": "center",
            "marginVertical": -1,
            "width": 32,
          }
        }
      >
        <Text
          accessible={true}
          allowFontScaling={false}
          ellipsizeMode="tail"
          style={
            Array [
              Object {
                "color": undefined,
                "fontSize": 12,
              },
              Object {
                "backgroundColor": "transparent",
                "color": "#FFFFFF",
                "fontSize": 30,
              },
              Object {
                "fontFamily": "iservice",
                "fontStyle": "normal",
                "fontWeight": "normal",
              },
            ]
          }
        >
          
        </Text>
      </BVLinearGradient>
      <View
        style={
          Array [
            Object {
              "flexDirection": "column",
              "flexGrow": 1,
            },
            Object {
              "height": 68,
            },
          ]
        }
      >
        <View
          style={
            Object {
              "alignItems": "flex-start",
              "flexDirection": "row",
              "height": "100%",
              "justifyContent": "space-between",
            }
          }
        >
          <View
            style={
              Object {
                "alignSelf": "stretch",
                "flexDirection": "column",
                "flexGrow": 1,
                "justifyContent": "flex-start",
                "paddingLeft": 10,
                "paddingTop": 10,
              }
            }
          >
            <View
              style={Object {}}
            >
              <Text
                accessible={true}
                allowFontScaling={true}
                ellipsizeMode="tail"
                style={
                  Object {
                    "backgroundColor": "transparent",
                    "color": "#303C46",
                    "fontFamily": "SukhumvitSet-Bold",
                    "fontSize": 18,
                    "marginBottom": -5,
                  }
                }
              >
                
              </Text>
              <Text
                accessible={true}
                allowFontScaling={true}
                ellipsizeMode="tail"
                style={
                  Array [
                    Object {
                      "backgroundColor": "transparent",
                      "color": "#303C46",
                    },
                    Array [
                      Object {
                        "fontSize": 14,
                        "marginBottom": -5,
                      },
                      Object {
                        "color": "#009FE3",
                      },
                    ],
                    Object {
                      "fontFamily": "SukhumvitSet-Bold",
                    },
                  ]
                }
              >
                TrueOnline
              </Text>
            </View>
          </View>
          <View
            style={
              Array [
                Object {
                  "alignSelf": "stretch",
                  "flexDirection": "column",
                  "justifyContent": "flex-start",
                  "paddingRight": 15,
                  "paddingTop": 10,
                },
                Object {
                  "paddingTop": 5,
                },
              ]
            }
          >
            <View
              style={
                Object {
                  "alignItems": "flex-start",
                  "alignSelf": "flex-end",
                  "flexDirection": "row",
                  "justifyContent": "space-between",
                  "marginBottom": -5,
                  "paddingRight": 5,
                }
              }
            >
              <View
                style={
                  Array [
                    Object {
                      "alignItems": "flex-end",
                      "flexDirection": "row",
                    },
                    Object {},
                  ]
                }
              >
                <Text
                  accessible={true}
                  allowFontScaling={true}
                  ellipsizeMode="tail"
                  style={
                    Array [
                      Object {
                        "backgroundColor": "transparent",
                        "color": "#303C46",
                      },
                      Array [
                        Object {
                          "fontSize": 16,
                          "paddingBottom": 3,
                          "paddingRight": 3,
                        },
                        Object {},
                      ],
                      Object {
                        "fontFamily": "SukhumvitSet-Bold",
                      },
                    ]
                  }
                >
                  ฿
                </Text>
                <Text
                  accessible={true}
                  allowFontScaling={true}
                  ellipsizeMode="tail"
                  style={
                    Array [
                      Object {
                        "backgroundColor": "transparent",
                        "color": "#303C46",
                      },
                      Array [
                        Object {
                          "fontSize": 22,
                        },
                        Object {},
                      ],
                      Object {
                        "fontFamily": "SukhumvitSet-Bold",
                      },
                    ]
                  }
                >
                  0
                </Text>
                <Text
                  accessible={true}
                  allowFontScaling={true}
                  ellipsizeMode="tail"
                  style={
                    Array [
                      Object {
                        "backgroundColor": "transparent",
                        "color": "#303C46",
                      },
                      Array [
                        Object {
                          "color": "#68747E",
                          "fontSize": 14,
                          "marginBottom": -1,
                          "paddingBottom": 5,
                        },
                        Object {},
                      ],
                      Object {
                        "fontFamily": "SukhumvitSet-Bold",
                      },
                    ]
                  }
                >
                  .
                  00
                </Text>
              </View>
              <View
                accessibilityComponentType={undefined}
                accessibilityLabel={undefined}
                accessibilityTraits={undefined}
                accessible={true}
                hasTVPreferredFocus={undefined}
                hitSlop={undefined}
                isTVSelectable={true}
                nativeID={undefined}
                onLayout={undefined}
                onResponderGrant={[Function]}
                onResponderMove={[Function]}
                onResponderRelease={[Function]}
                onResponderTerminate={[Function]}
                onResponderTerminationRequest={[Function]}
                onStartShouldSetResponder={[Function]}
                style={
                  Array [
                    Object {
                      "backgroundColor": "transparent",
                    },
                    Object {
                      "alignSelf": "center",
                      "marginBottom": 0,
                      "paddingLeft": 10,
                    },
                  ]
                }
                testID={undefined}
                tvParallaxProperties={undefined}
              >
                <View
                  style={
                    Object {
                      "alignItems": "center",
                      "flexDirection": "row",
                    }
                  }
                >
                  <View
                    style={
                      Object {
                        "backgroundColor": "#EDF2F6",
                        "borderColor": "#F93E60",
                        "borderRadius": 5,
                        "borderWidth": 2,
                        "padding": 2,
                      }
                    }
                  >
                    <Text
                      accessible={true}
                      allowFontScaling={false}
                      ellipsizeMode="tail"
                      style={
                        Array [
                          Object {
                            "color": undefined,
                            "fontSize": 12,
                          },
                          Object {
                            "color": "#B9C1C9",
                          },
                          Object {
                            "fontFamily": "iservice",
                            "fontStyle": "normal",
                            "fontWeight": "normal",
                          },
                        ]
                      }
                    >
                      
                    </Text>
                  </View>
                </View>
              </View>
            </View>
          </View>
        </View>
        <View
          accessibilityComponentType={undefined}
          accessibilityLabel={undefined}
          accessibilityTraits={undefined}
          accessible={true}
          collapsable={undefined}
          hitSlop={undefined}
          isTVSelectable={true}
          nativeID={undefined}
          onLayout={undefined}
          onResponderGrant={[Function]}
          onResponderMove={[Function]}
          onResponderRelease={[Function]}
          onResponderTerminate={[Function]}
          onResponderTerminationRequest={[Function]}
          onStartShouldSetResponder={[Function]}
          style={
            Object {
              "alignSelf": "center",
              "bottom": 0,
              "height": 21,
              "opacity": 1,
              "position": "absolute",
              "transform": Array [
                Object {
                  "translateX": -16,
                },
              ],
              "width": 40,
            }
          }
          testID={undefined}
          tvParallaxProperties={undefined}
        >
          <View
            style={
              Object {
                "opacity": 1,
              }
            }
          >
            <View
              style={Object {}}
            >
              <Image
                getSize={[Function]}
                isBackground={false}
                onLayout={[Function]}
                resizeMode="contain"
                source={
                  Object {
                    "testUri": "../../../app/assets/semiCircle.png",
                  }
                }
                style={
                  Array [
                    Object {
                      "bottom": 0,
                      "left": 0,
                      "position": "absolute",
                      "right": 0,
                      "top": 0,
                    },
                    Object {
                      "height": undefined,
                      "width": undefined,
                    },
                    undefined,
                  ]
                }
              />
            </View>
          </View>
        </View>
      </View>
    </View>
    <View
      collapsable={undefined}
      pointerEvents="none"
      style={
        Object {
          "height": 0,
          "overflow": "hidden",
        }
      }
    >
      <View
        collapsable={undefined}
        onLayout={[Function]}
        style={Object {}}
      >
        <View
          style={
            Object {
              "backgroundColor": "#E9E9EA",
              "borderColor": "transparent",
              "flexGrow": 1,
              "shadowColor": "#303C46",
              "shadowOffset": Object {
                "height": 2,
                "width": 1,
              },
              "shadowOpacity": 0.3,
              "shadowRadius": 1,
            }
          }
        >
          <View
            style={
              Object {
                "alignItems": "center",
                "alignSelf": "stretch",
                "padding": 10,
                "shadowColor": "#303C46",
                "shadowOffset": Object {
                  "height": 2,
                  "width": 1,
                },
                "shadowOpacity": 0.3,
                "shadowRadius": 1,
              }
            }
          >
            <View
              style={
                Object {
                  "paddingVertical": 10,
                }
              }
            >
              <View
                style={
                  Object {
                    "flexDirection": "row",
                    "paddingLeft": 25,
                    "paddingRight": 28,
                  }
                }
              >
                <View
                  style={
                    Object {
                      "alignItems": "center",
                    }
                  }
                >
                  <View
                    style={
                      Object {
                        "flexDirection": "row",
                        "paddingLeft": 25,
                        "paddingRight": 28,
                      }
                    }
                  >
                    <Text
                      accessible={true}
                      allowFontScaling={true}
                      ellipsizeMode="tail"
                      numberOfLines={1}
                      style={
                        Object {
                          "backgroundColor": "transparent",
                          "color": "#303C46",
                          "fontFamily": "SukhumvitSet-Bold",
                          "fontSize": 16,
                        }
                      }
                    >
                      
                    </Text>
                    <View
                      accessibilityComponentType={undefined}
                      accessibilityLabel={undefined}
                      accessibilityTraits={undefined}
                      accessible={true}
                      collapsable={undefined}
                      hitSlop={undefined}
                      isTVSelectable={true}
                      nativeID={undefined}
                      onLayout={undefined}
                      onResponderGrant={[Function]}
                      onResponderMove={[Function]}
                      onResponderRelease={[Function]}
                      onResponderTerminate={[Function]}
                      onResponderTerminationRequest={[Function]}
                      onStartShouldSetResponder={[Function]}
                      style={
                        Object {
                          "opacity": 1,
                        }
                      }
                      testID={undefined}
                      tvParallaxProperties={undefined}
                    >
                      <View
                        style={
                          Object {
                            "opacity": 1,
                          }
                        }
                      >
                        <Text
                          accessible={true}
                          allowFontScaling={false}
                          ellipsizeMode="tail"
                          style={
                            Array [
                              Object {
                                "color": undefined,
                                "fontSize": 25,
                              },
                              Object {
                                "alignSelf": "flex-start",
                                "backgroundColor": "#F93E60",
                                "borderColor": "#F93E60",
                                "borderRadius": 12,
                                "borderWidth": 1,
                                "color": "#FFFFFF",
                                "fontSize": 16,
                                "marginLeft": 5,
                                "overflow": "hidden",
                                "padding": 3,
                              },
                              Object {
                                "fontFamily": "iservice",
                                "fontStyle": "normal",
                                "fontWeight": "normal",
                              },
                            ]
                          }
                        >
                          
                        </Text>
                      </View>
                    </View>
                  </View>
                </View>
              </View>
            </View>
            <View
              accessibilityLabel={undefined}
              style={
                Object {
                  "alignSelf": "stretch",
                  "flexGrow": 1,
                }
              }
              testID={undefined}
            >
              <View
                style={
                  Array [
                    Object {
                      "alignItems": "flex-start",
                      "flexDirection": "row",
                      "zIndex": 2,
                    },
                    Object {},
                  ]
                }
              >
                <View
                  accessibilityComponentType={undefined}
                  accessibilityLabel={undefined}
                  accessibilityTraits={undefined}
                  accessible={true}
                  collapsable={undefined}
                  hitSlop={undefined}
                  isTVSelectable={true}
                  nativeID={undefined}
                  onLayout={undefined}
                  onResponderGrant={[Function]}
                  onResponderMove={[Function]}
                  onResponderRelease={[Function]}
                  onResponderTerminate={[Function]}
                  onResponderTerminationRequest={[Function]}
                  onStartShouldSetResponder={[Function]}
                  style={
                    Object {
                      "borderTopLeftRadius": 10,
                      "borderTopRightRadius": 10,
                      "flex": 1,
                      "marginRight": 5,
                      "opacity": 1,
                    }
                  }
                  testID={undefined}
                  tvParallaxProperties={undefined}
                >
                  <View
                    style={
                      Object {
                        "opacity": 1,
                      }
                    }
                  >
                    <View>
                      <View
                        style={
                          Object {
                            "backgroundColor": "#F93E60",
                            "borderTopLeftRadius": 10,
                            "borderTopRightRadius": 10,
                            "height": 42,
                            "overflow": "hidden",
                            "paddingHorizontal": 10,
                            "paddingTop": 7,
                          }
                        }
                      >
                        <Text
                          accessible={true}
                          allowFontScaling={true}
                          ellipsizeMode="tail"
                          numberOfLines={1}
                          style={
                            Object {
                              "alignSelf": "center",
                              "backgroundColor": "transparent",
                              "color": "#FFFFFF",
                              "fontFamily": "SukhumvitSet-Bold",
                              "fontSize": 18,
                              "textAlign": "center",
                            }
                          }
                        >
                          Current Usage
                        </Text>
                      </View>
                      <Text
                        accessible={true}
                        allowFontScaling={false}
                        ellipsizeMode="tail"
                        style={
                          Array [
                            Object {
                              "color": "#F93E60",
                              "fontSize": 30,
                            },
                            Array [
                              Object {
                                "alignSelf": "center",
                                "backgroundColor": "transparent",
                              },
                              Object {
                                "bottom": 12,
                                "marginBottom": -12,
                              },
                              Object {},
                            ],
                            Object {
                              "fontFamily": "iservice",
                              "fontStyle": "normal",
                              "fontWeight": "normal",
                            },
                          ]
                        }
                      >
                        
                      </Text>
                    </View>
                  </View>
                </View>
                <View
                  accessibilityComponentType={undefined}
                  accessibilityLabel={undefined}
                  accessibilityTraits={undefined}
                  accessible={true}
                  collapsable={undefined}
                  hitSlop={undefined}
                  isTVSelectable={true}
                  nativeID={undefined}
                  onLayout={undefined}
                  onResponderGrant={[Function]}
                  onResponderMove={[Function]}
                  onResponderRelease={[Function]}
                  onResponderTerminate={[Function]}
                  onResponderTerminationRequest={[Function]}
                  onStartShouldSetResponder={[Function]}
                  style={
                    Object {
                      "borderTopLeftRadius": 10,
                      "borderTopRightRadius": 10,
                      "flex": 1,
                      "marginRight": 0,
                      "opacity": 1,
                    }
                  }
                  testID={undefined}
                  tvParallaxProperties={undefined}
                >
                  <View
                    style={
                      Object {
                        "opacity": 1,
                      }
                    }
                  >
                    <View
                      style={
                        Object {
                          "backgroundColor": "transparent",
                          "borderRadius": 0,
                          "height": 42,
                          "overflow": "hidden",
                          "paddingBottom": 0,
                          "paddingTop": 0,
                        }
                      }
                    >
                      <View
                        style={Object {}}
                      >
                        <Image
                          getSize={[Function]}
                          isBackground={false}
                          onLayout={[Function]}
                          resizeMode="contain"
                          source={
                            Object {
                              "testUri": "../../../app/assets/deselectedTabBg.png",
                            }
                          }
                          style={
                            Array [
                              Object {
                                "bottom": 0,
                                "left": 0,
                                "position": "absolute",
                                "right": 0,
                                "top": 0,
                              },
                              Object {
                                "height": undefined,
                                "width": undefined,
                              },
                              undefined,
                            ]
                          }
                        />
                        <Text
                          accessible={true}
                          allowFontScaling={true}
                          ellipsizeMode="tail"
                          numberOfLines={1}
                          style={
                            Object {
                              "alignSelf": "center",
                              "backgroundColor": "transparent",
                              "color": "#000000",
                              "fontFamily": "SukhumvitSet-Bold",
                              "fontSize": 18,
                              "paddingTop": 2,
                              "textAlign": "center",
                            }
                          }
                        >
                          Bill Details
                        </Text>
                      </View>
                    </View>
                  </View>
                </View>
              </View>
              <View
                style={
                  Array [
                    Object {
                      "borderColor": "#F93E60",
                      "borderWidth": 1,
                      "marginTop": -19,
                      "zIndex": 3,
                    },
                    Object {
                      "borderColor": "#F93E60",
                    },
                  ]
                }
              />
              <View
                style={
                  Array [
                    Object {
                      "alignSelf": "stretch",
                      "backgroundColor": "#FFFFFF",
                      "borderBottomLeftRadius": 7,
                      "borderBottomRightRadius": 7,
                      "paddingTop": 10,
                    },
                    Object {
                      "borderTopColor": "#303C46",
                    },
                    Object {
                      "shadowColor": "#303C46",
                      "shadowOffset": Object {
                        "height": 2,
                        "width": 1,
                      },
                      "shadowOpacity": 0.3,
                      "shadowRadius": 1,
                    },
                  ]
                }
              >
                <View
                  style={
                    Object {
                      "alignItems": "center",
                      "flexGrow": 1,
                      "padding": 10,
                      "paddingTop": 0,
                    }
                  }
                >
                  <View
                    style={
                      Object {
                        "alignItems": "center",
                        "flexDirection": "row",
                        "justifyContent": "space-between",
                        "margin": 15,
                      }
                    }
                  >
                    <View
                      style={
                        Object {
                          "alignItems": "center",
                          "alignSelf": "center",
                          "flex": 1,
                        }
                      }
                    >
                      <View
                        style={
                          Object {
                            "flexDirection": "row",
                          }
                        }
                      >
                        <Text
                          accessible={true}
                          allowFontScaling={true}
                          ellipsizeMode="tail"
                          style={
                            Array [
                              Object {
                                "backgroundColor": "transparent",
                                "color": "#303C46",
                              },
                              Array [
                                Object {
                                  "alignSelf": "flex-end",
                                  "color": "#009FE3",
                                  "fontSize": 36,
                                },
                                Object {},
                              ],
                              Object {
                                "fontFamily": "SukhumvitSet-Medium",
                              },
                            ]
                          }
                        />
                      </View>
                      <Text
                        accessible={true}
                        allowFontScaling={true}
                        ellipsizeMode="tail"
                        style={
                          Object {
                            "backgroundColor": "transparent",
                            "color": "#303C46",
                            "fontFamily": "SukhumvitSet-Bold",
                            "fontSize": 18,
                            "marginTop": -10,
                          }
                        }
                      >
                        Download
                      </Text>
                    </View>
                    <View
                      style={
                        Object {
                          "alignSelf": "stretch",
                          "backgroundColor": "#E9E9EA",
                          "width": 1,
                        }
                      }
                    />
                    <View
                      style={
                        Object {
                          "alignItems": "center",
                          "alignSelf": "center",
                          "flex": 1,
                        }
                      }
                    >
                      <View
                        style={
                          Object {
                            "flexDirection": "row",
                          }
                        }
                      >
                        <Text
                          accessible={true}
                          allowFontScaling={true}
                          ellipsizeMode="tail"
                          style={
                            Array [
                              Object {
                                "backgroundColor": "transparent",
                                "color": "#303C46",
                              },
                              Array [
                                Object {
                                  "alignSelf": "flex-end",
                                  "color": "#009FE3",
                                  "fontSize": 36,
                                },
                                Object {},
                              ],
                              Object {
                                "fontFamily": "SukhumvitSet-Medium",
                              },
                            ]
                          }
                        />
                      </View>
                      <Text
                        accessible={true}
                        allowFontScaling={true}
                        ellipsizeMode="tail"
                        style={
                          Object {
                            "backgroundColor": "transparent",
                            "color": "#303C46",
                            "fontFamily": "SukhumvitSet-Bold",
                            "fontSize": 18,
                            "marginTop": -10,
                          }
                        }
                      >
                        Upload
                      </Text>
                    </View>
                  </View>
                </View>
              </View>
            </View>
          </View>
        </View>
      </View>
    </View>
  </View>
</View>
`;
