// Jest Snapshot v1, https://goo.gl/fbAQLP

exports[`StoreLocatorList component should render correctly 1`] = `
<View
  style={
    Object {
      "flex": 1,
    }
  }
>
  <View
    style={
      Object {
        "bottom": -4,
        "position": "absolute",
        "top": 0,
        "width": "100%",
      }
    }
  >
    <View
      accessibilityLabel="trueShopMapView_labelInfobar_coverage"
      style={
        Array [
          Object {
            "backgroundColor": "rgba(40, 60, 70, 0.8)",
          },
          Object {},
        ]
      }
      testID="trueShopMapView_labelInfobar_coverage"
    >
      <Text
        accessible={true}
        allowFontScaling={true}
        ellipsizeMode="tail"
        style={
          Object {
            "backgroundColor": "transparent",
            "color": "#FFFFFF",
            "fontFamily": "SukhumvitSet-Text",
            "fontSize": 18,
            "padding": 2,
            "textAlign": "center",
          }
        }
      >
        Coverage [missing {{distance}} value] k.m.
      </Text>
    </View>
    <RCTScrollView
      data={Array []}
      disableVirtualization={false}
      getItem={[Function]}
      getItemCount={[Function]}
      horizontal={false}
      initialNumToRender={10}
      keyExtractor={[Function]}
      maxToRenderPerBatch={10}
      numColumns={1}
      onContentSizeChange={[Function]}
      onEndReachedThreshold={2}
      onLayout={[Function]}
      onMomentumScrollEnd={[Function]}
      onScroll={[Function]}
      onScrollBeginDrag={[Function]}
      onScrollEndDrag={[Function]}
      renderItem={[Function]}
      scrollEventThrottle={50}
      stickyHeaderIndices={Array []}
      updateCellsBatchingPeriod={50}
      viewabilityConfigCallbackPairs={Array []}
      windowSize={21}
    >
      <View />
    </RCTScrollView>
  </View>
</View>
`;
